../../Drivers/STM32N6xx_HAL_Driver/Inc/stm32n6xx_ll_bus.h:1407:22:LL_AHB4_GRP1_EnableClock	24	static
../Core/Src/main.c:68:9:platform_write	48	static
../Core/Src/main.c:74:9:platform_read	48	static
../Core/Src/main.c:80:6:platform_delay	16	static
../Core/Src/main.c:89:5:main	80	static
../Core/Src/main.c:206:6:SystemClock_Config	224	static
../Core/Src/main.c:308:13:MX_I2C1_Init	8	static
../Core/Src/main.c:344:13:MX_GPIO_Init	32	static
../Core/Src/main.c:383:6:BSP_PB_Callback	16	static
../Core/Src/main.c:395:6:Error_Handler	4	static,ignoring_inline_asm
