../../../Drivers/STM32N6xx_HAL_Driver/Inc/stm32n6xx_ll_bus.h:1165:22:LL_AHB3_GRP1_EnableClock	24	static
../../../Drivers/STM32N6xx_HAL_Driver/Inc/stm32n6xx_ll_bus.h:1407:22:LL_AHB4_GRP1_EnableClock	24	static
D:/Users/user/Music/Nx_TCP_Echo_Client/FSBL/Core/Src/main.c:105:5:main	24	static,ignoring_inline_asm
D:/Users/user/Music/Nx_TCP_Echo_Client/FSBL/Core/Src/main.c:169:6:SystemClock_Config	624	static
D:/Users/user/Music/Nx_TCP_Echo_Client/FSBL/Core/Src/main.c:287:13:MX_ETH1_Init	16	static
D:/Users/user/Music/Nx_TCP_Echo_Client/FSBL/Core/Src/main.c:339:15:SystemIsolation_Config	16	static
D:/Users/user/Music/Nx_TCP_Echo_Client/FSBL/Core/Src/main.c:390:13:MX_USART1_UART_Init	8	static
D:/Users/user/Music/Nx_TCP_Echo_Client/FSBL/Core/Src/main.c:438:13:MX_GPIO_Init	32	static
D:/Users/user/Music/Nx_TCP_Echo_Client/FSBL/Core/Src/main.c:491:1:__io_putchar	16	static
D:/Users/user/Music/Nx_TCP_Echo_Client/FSBL/Core/Src/main.c:504:6:Success_Handler	8	static
D:/Users/user/Music/Nx_TCP_Echo_Client/FSBL/Core/Src/main.c:520:6:MPU_Config	40	static,ignoring_inline_asm
D:/Users/user/Music/Nx_TCP_Echo_Client/FSBL/Core/Src/main.c:575:6:HAL_TIM_PeriodElapsedCallback	16	static
D:/Users/user/Music/Nx_TCP_Echo_Client/FSBL/Core/Src/main.c:593:6:Error_Handler	8	static
